[www.learnrazorpages.com/index.html]
[backblue.gif]
[fade.gif]
[index.html]
[www.learnrazorpages.com/index.html]
[pagead2.googlesyndication.com/pagead/js/f.txt]
[ajax.aspnetcdn.com/ajax/bootstrap/3.3.6/css/bootstrap.min.css]
[cdn.rawgit.com/google/code-prettify/master/loader/run_prettify.js]
[www.learnrazorpages.com/first-look.html]
[use.fontawesome.com/releases/v5.3.1/css/all.css]
[www.learnrazorpages.com/asp-net-core.html]
[www.learnrazorpages.com/razor-pages/tutorial/bakery.html]
[www.learnrazorpages.com/razor-pages.html]
[www.learnrazorpages.com/razor-pages/files/index.html]
[www.learnrazorpages.com/razor-pages/partial-pages.html]
[www.learnrazorpages.com/razor-pages/files/layout.html]
[www.learnrazorpages.com/razor-pages/files/viewimports.html]
[www.learnrazorpages.com/razor-pages/files/viewstart.html]
[www.learnrazorpages.com/razor-syntax.html]
[www.learnrazorpages.com/css/site8249.css]
[www.learnrazorpages.com/razor-pages/pagemodel.html]
[www.learnrazorpages.com/razor-pages/handler-methods.html]
[www.learnrazorpages.com/razor-pages/viewdata.html]
[www.learnrazorpages.com/razor-pages/action-results.html]
[www.learnrazorpages.com/razor-pages/tag-helpers/index.html]
[www.learnrazorpages.com/razor-pages/tag-helpers/distributed-cache-tag-helper.html]
[www.learnrazorpages.com/razor-pages/tag-helpers/cache-tag-helper.html]
[www.learnrazorpages.com/razor-pages/tag-helpers/environment-tag-helper.html]
[www.learnrazorpages.com/razor-pages/tag-helpers/form-action-tag-helper.html]
[www.learnrazorpages.com/razor-pages/tag-helpers/form-tag-helper.html]
[www.learnrazorpages.com/razor-pages/tag-helpers/image-tag-helper.html]
[www.learnrazorpages.com/razor-pages/tag-helpers/input-tag-helper.html]
[www.learnrazorpages.com/razor-pages/tag-helpers/label-tag-helper.html]
[www.learnrazorpages.com/razor-pages/tag-helpers/anchor-tag-helper.html]
[www.learnrazorpages.com/razor-pages/tag-helpers/link-tag-helper.html]
[www.learnrazorpages.com/razor-pages/tag-helpers/option-tag-helper.html]
[www.learnrazorpages.com/razor-pages/tag-helpers/partial-tag-helper.html]
[www.learnrazorpages.com/razor-pages/tag-helpers/select-tag-helper.html]
[www.learnrazorpages.com/razor-pages/tag-helpers/textarea-tag-helper.html]
[www.learnrazorpages.com/razor-pages/tag-helpers/validation-message-tag-helper.html]
[www.learnrazorpages.com/razor-pages/tag-helpers/validation-summary-tag-helper.html]
[www.learnrazorpages.com/razor-pages/view-components.html]
[www.learnrazorpages.com/razor-pages/routing.html]
[www.learnrazorpages.com/advanced/custom-route-conventions.html]
[www.learnrazorpages.com/startup.html]
[www.learnrazorpages.com/configuration.html]
[www.learnrazorpages.com/configuration/global-error-handling.html]
[www.learnrazorpages.com/configuration/custom-errors.html]
[www.learnrazorpages.com/configuration/https.html]
[www.learnrazorpages.com/middleware.html]
[www.learnrazorpages.com/css/rp14c5.css]
[www.learnrazorpages.com/razor-pages/forms.html]
[www.learnrazorpages.com/razor-pages/forms/file-upload.html]
[www.learnrazorpages.com/razor-pages/forms/select-lists.html]
[www.learnrazorpages.com/razor-pages/forms/checkboxes.html]
[www.learnrazorpages.com/razor-pages/forms/radios.html]
[www.learnrazorpages.com/first-look.html]
[www.learnrazorpages.com/security/request-verification.html]
[www.learnrazorpages.com/asp-net-core.html]
[www.learnrazorpages.com/razor-pages/model-binding.html]
[www.learnrazorpages.com/razor-pages/validation.html]
[www.learnrazorpages.com/razor-pages/tag-helpers/script-tag-helper.html]
[www.learnrazorpages.com/razor-pages/state-management.html]
[www.learnrazorpages.com/razor-pages/caching.html]
[www.learnrazorpages.com/razor-pages/tutorial/bakery.html]
[www.learnrazorpages.com/razor-pages.html]
[www.learnrazorpages.com/razor-pages/files/index.html]
[www.learnrazorpages.com/identity.html]
[www.learnrazorpages.com/identity/customising-identity.html]
[www.learnrazorpages.com/razor-pages/ajax.html]
[www.learnrazorpages.com/razor-pages/ajax/form-post.html]
[www.learnrazorpages.com/razor-pages/partial-pages.html]
[www.learnrazorpages.com/razor-pages/files/layout.html]
[www.learnrazorpages.com/razor-pages/ajax/unobtrusive-ajax.html]
[www.learnrazorpages.com/web-api.html]
[www.learnrazorpages.com/razor-pages/files/viewimports.html]
[www.learnrazorpages.com/razor-pages/ajax/upload-files.html]
[www.learnrazorpages.com/razor-pages/files/viewstart.html]
[www.learnrazorpages.com/razor-pages/ajax/partial-update.html]
[www.learnrazorpages.com/miscellaneous/scaffolding.html]
[www.learnrazorpages.com/publishing/publish-to-iis.html]
[www.learnrazorpages.com/advanced.html]
[www.learnrazorpages.com/advanced/areas.html]
[www.learnrazorpages.com/razor-syntax.html]
[www.learnrazorpages.com/razor-pages/pagemodel.html]
[www.learnrazorpages.com/advanced/custom-constraints.html]
[www.learnrazorpages.com/advanced/custom-tag-helpers.html]
[www.learnrazorpages.com/advanced/dependency-injection.html]
[www.learnrazorpages.com/advanced/route-parameter-transformers.html]
[www.learnrazorpages.com/razor-pages/filters.html]
[www.learnrazorpages.com/advanced/razor-class-library.html]
[www.learnrazorpages.com/razor-pages/handler-methods.html]
[www.learnrazorpages.com/razor-pages/viewdata.html]
[www.learnrazorpages.com/razor-pages/action-results.html]
[www.learnrazorpages.com/table-of-contents.html]
[www.learnrazorpages.com/advanced/render-partial-to-string.html]
[www.learnrazorpages.com/razor-pages/tutorial/bakery/create-model.html]
[www.learnrazorpages.com/razor-pages/tutorial/bakery/migration.html]
[www.learnrazorpages.com/privacy.html]
[www.learnrazorpages.com/razor-pages/tag-helpers/index.html]
[www.learnrazorpages.com/razor-pages/tutorial/bakery/new-page.html]
[www.learnrazorpages.com/razor-pages/tutorial/bakery/working-with-data.html]
[www.learnrazorpages.com/razor-pages/tag-helpers/anchor-tag-helper.html]
[code.jquery.com/ui/1.12.1/jquery-ui.min.js]
[ajax.aspnetcdn.com/ajax/jquery/jquery-2.2.0.min.js]
[www.learnrazorpages.com/razor-pages/tag-helpers/cache-tag-helper.html]
[ajax.aspnetcdn.com/ajax/bootstrap/3.3.6/bootstrap.min.js]
[www.learnrazorpages.com/js/site59f2.js]
[www.learnrazorpages.com/razor-pages/tag-helpers/distributed-cache-tag-helper.html]
[www.learnrazorpages.com/images/15-08-2017-08-20-06.png]
[www.learnrazorpages.com/images/15-08-2017-08-26-24.png]
[www.learnrazorpages.com/images/06-06-2017-09-20-23.png]
[www.learnrazorpages.com/razor-pages/tag-helpers/environment-tag-helper.html]
[www.learnrazorpages.com/images/06-06-2017-09-26-34.png]
[www.learnrazorpages.com/images/06-07-2018-12-28-06.png]
[www.learnrazorpages.com/razor-pages/tag-helpers/form-action-tag-helper.html]
[www.learnrazorpages.com/razor-pages/files.html]
[www.learnrazorpages.com/images/06-07-2018-12-29-47.png]
[www.learnrazorpages.com/razor-pages/tag-helpers/form-tag-helper.html]
[www.learnrazorpages.com/images/15-08-2017-08-33-20.png]
[www.learnrazorpages.com/images/15-08-2017-08-42-52.png]
[www.learnrazorpages.com/razor-pages/tag-helpers/image-tag-helper.html]
[www.learnrazorpages.com/images/15-08-2017-08-49-06.png]
[www.learnrazorpages.com/images/15-08-2017-08-51-06.png]
[www.learnrazorpages.com/razor-pages/tag-helpers/input-tag-helper.html]
[www.learnrazorpages.com/images/15-08-2017-09-08-59.png]
[www.learnrazorpages.com/razor-pages/tutorial/bakery/forms.html]
[www.learnrazorpages.com/razor-pages/tag-helpers/label-tag-helper.html]
[www.learnrazorpages.com/images/15-08-2017-08-49-57.png]
[www.learnrazorpages.com/razor-pages/tutorial/bakery/email.html]
[www.learnrazorpages.com/razor-pages/tag-helpers/link-tag-helper.html]
[www.learnrazorpages.com/images/15-08-2017-09-16-50.png]
[www.learnrazorpages.com/images/13-11-2018-14-40-18.png]
[www.learnrazorpages.com/razor-pages/tag-helpers/option-tag-helper.html]
[www.learnrazorpages.com/images/19-11-2018-07-56-53.png]
[www.learnrazorpages.com/images/19-11-2018-09-34-19.png]
[www.learnrazorpages.com/razor-pages/tag-helpers/partial-tag-helper.html]
[www.learnrazorpages.com/razor-pages/index.html]
[www.learnrazorpages.com/razor-pages/tag-helpers.html]
[www.learnrazorpages.com/razor-pages/tag-helpers/script-tag-helper.html]
[www.learnrazorpages.com/cdn-cgi/l/email-protection.html]
[www.learnrazorpages.com/images/19-11-2018-09-47-46.png]
[www.learnrazorpages.com/razor-pages/tag-helpers/select-tag-helper.html]
[www.learnrazorpages.com/images/22-11-2018-08-20-46.png]
[www.learnrazorpages.com/images/2017-07-29_09-59-01.png]
[www.learnrazorpages.com/razor-pages/tag-helpers/textarea-tag-helper.html]
[www.learnrazorpages.com/cdn-cgi/scripts/5c5dd728/cloudflare-static/email-decode.min.js]
[www.learnrazorpages.com/images/13-07-2017-08-19-45.png]
[www.learnrazorpages.com/razor-pages/tag-helpers/validation-message-tag-helper.html]
[www.mikesdotnetting.com/images/2017-05-19_22-10-01.png]
[www.mikesdotnetting.com/images/2017-05-19_22-22-34.png]
[www.learnrazorpages.com/razor-pages/tag-helpers/validation-summary-tag-helper.html]
[www.mikesdotnetting.com/images/2017-05-19_22-43-02.png]
[www.mikesdotnetting.com/images/22-05-2017-08-04-11.png]
[www.mikesdotnetting.com/images/22-05-2017-08-30-22.png]
[www.mikesdotnetting.com/images/22-05-2017-09-17-21.png]
[www.mikesdotnetting.com/images/22-05-2017-09-21-41.png]
[www.learnrazorpages.com/images/05-09-2018-09-22-53.png]
[www.learnrazorpages.com/images/01-06-2017-14-07-19.png]
[www.learnrazorpages.com/razor-pages/view-components.html]
[www.learnrazorpages.com/razor-pages/routing.html]
[www.learnrazorpages.com/miscellaneous/environments.html]
[www.learnrazorpages.com/images/2017-06-02_21-36-05.png]
[www.learnrazorpages.com/images/2017-08-05_21-19-06.png]
[www.learnrazorpages.com/images/2017-08-06_20-06-21.png]
[www.learnrazorpages.com/advanced/custom-route-conventions.html]
[www.learnrazorpages.com/startup.html]
[www.learnrazorpages.com/images/07-08-2017-08-50-21.png]
[www.learnrazorpages.com/images/07-08-2017-09-07-45.png]
[www.learnrazorpages.com/images/2017-06-09_20-39-08.png]
[www.learnrazorpages.com/configuration.html]
[www.learnrazorpages.com/miscellaneous/constraints.html]
[www.learnrazorpages.com/images/07-08-2017-08-24-53.png]
[www.learnrazorpages.com/images/26-09-2018-09-16-09.png]
[www.mikesdotnetting.com/images/11-09-2018-08-16-16.png]
[www.mikesdotnetting.com/images/14-09-2018-09-10-00.png]
[www.learnrazorpages.com/configuration/global-error-handling.html]
[www.learnrazorpages.com/configuration/index.html]
[www.learnrazorpages.com/images/01-08-2017-13-57-55.png]
[www.learnrazorpages.com/images/30-01-2019-09-09-33.png]
[www.learnrazorpages.com/images/25-01-2019-14-12-15.png]
[www.learnrazorpages.com/configuration/custom-errors.html]
[www.learnrazorpages.com/configuration/https.html]
[www.learnrazorpages.com/images/07-02-2019-10-50-20.png]
[www.learnrazorpages.com/images/24-01-2018-08-13-17.png]
[www.learnrazorpages.com/middleware.html]
[www.learnrazorpages.com/images/24-01-2018-08-10-24.png]
[www.learnrazorpages.com/images/404.png]
[www.learnrazorpages.com/razor-pages/forms.html]
[www.learnrazorpages.com/images/24-01-2018-08-54-01.png]
[www.learnrazorpages.com/images/24-01-2018-09-54-55.png]
[www.learnrazorpages.com/razor-pages/forms/file-upload.html]
[www.learnrazorpages.com/images/24-01-2018-11-06-30.png]
[www.learnrazorpages.com/images/24-01-2018-11-03-47.png]
[www.learnrazorpages.com/razor-pages/forms/checkboxes.html]
[www.learnrazorpages.com/images/24-01-2018-11-02-22.png]
[www.learnrazorpages.com/images/09-01-2018-12-46-18.png]
[www.learnrazorpages.com/images/23-10-2018-07-49-51.png]
[www.learnrazorpages.com/razro-pages/pagemodel.95.delayed]
[www.learnrazorpages.com/razor-pages/forms/select-lists.html]
[www.learnrazorpages.com/images/22-10-2018-09-44-02.png]
[www.learnrazorpages.com/razor-pages/forms/radios.html]
[www.learnrazorpages.com/images/23-10-2018-08-02-41.png]
[www.learnrazorpages.com/images/23-10-2018-09-04-02.png]
[www.learnrazorpages.com/images/23-10-2018-08-04-34.png]
[www.learnrazorpages.com/security/request-verification.html]
[www.learnrazorpages.com/razor-pages/validation.html]
[www.learnrazorpages.com/razor-pages/model-binding.html]
[www.learnrazorpages.com/images/09-11-2018-08-51-30.png]
[www.learnrazorpages.com/images/12-11-2018-08-57-46.png]
[www.learnrazorpages.com/images/2017-07-22_16-52-57.png]
[www.learnrazorpages.com/images/2017-07-22_17-18-09.png]
[www.learnrazorpages.com/razor-pages/state-management.html]
[www.learnrazorpages.com/razor-pages/tempdata.html]
[www.learnrazorpages.com/razor-pages/caching.html]
[www.learnrazorpages.com/razor-pages/cookies.html]
[www.learnrazorpages.com/identity.html]
[www.learnrazorpages.com/razor-pages/session-state.html]
[www.learnrazorpages.com/identity/customising-identity.html]
[www.learnrazorpages.com/images/2018-09-06_22-09-37.png]
[www.learnrazorpages.com/images/2017-07-25_08-17-46.png]
[www.learnrazorpages.com/razor-pages/ajax.html]
[www.mikesdotnetting.com/images/30-08-2017-13-55-27.png]
[www.mikesdotnetting.com/images/30-08-2017-13-56-55.png]
[www.learnrazorpages.com/razor-pages/ajax/form-post.html]
[www.mikesdotnetting.com/images/04-09-2017-13-41-56.png]
[www.learnrazorpages.com/razor-pages/ajax/partial-update.html]
[www.learnrazorpages.com/razor-pages/ajax/upload-files.html]
[www.mikesdotnetting.com/images/04-09-2017-13-45-57.png]
[www.learnrazorpages.com/images/18-09-2018-08-34-15.png]
[www.mikesdotnetting.com/images/05-09-2017-09-01-48.png]
[www.learnrazorpages.com/razor-pages/ajax/unobtrusive-ajax.html]
[www.learnrazorpages.com/images/18-09-2018-14-08-53.png]
[www.learnrazorpages.com/images/18-09-2018-14-09-44.png]
[www.mikesdotnetting.com/images/12-09-2018-13-11-19.png]
[www.mikesdotnetting.com/images/12-09-2018-13-14-49.png]
[www.mikesdotnetting.com/images/13-09-2018-08-05-58.png]
[www.learnrazorpages.com/images/2018-09-14_19-35-02.png]
[www.learnrazorpages.com/images/2018-09-14_20-56-56.png]
[www.learnrazorpages.com/web-api.html]
[www.learnrazorpages.com/miscellaneous/scaffolding.html]
[www.learnrazorpages.com/images/2018-09-14_21-02-48.png]
[www.learnrazorpages.com/images/17-05-2018-07-51-17.png]
[www.learnrazorpages.com/images/2018-09-16_11-47-45.png]
[www.learnrazorpages.com/images/17-05-2018-09-23-20.png]
[www.learnrazorpages.com/publishing/publish-to-iis.html]
[www.learnrazorpages.com/advanced.html]
[www.learnrazorpages.com/images/18-05-2018-07-57-14.png]
[www.learnrazorpages.com/images/17-05-2018-15-37-41.png]
[www.learnrazorpages.com/images/17-05-2018-15-23-46.png]
[www.learnrazorpages.com/images/11-12-2018-10-27-30.png]
[www.learnrazorpages.com/images/reverse-proxy.png]
[www.learnrazorpages.com/images/19-03-2018-08-24-28.png]
[www.learnrazorpages.com/advanced/areas.html]
[www.learnrazorpages.com/images/19-03-2018-09-15-06.png]
[www.learnrazorpages.com/images/19-03-2018-08-26-07.png]
[www.learnrazorpages.com/images/19-03-2018-08-28-15.png]
[www.learnrazorpages.com/images/19-03-2018-08-27-24.png]
[www.learnrazorpages.com/advanced/custom-tag-helpers.html]
[www.learnrazorpages.com/images/19-03-2018-09-20-21.png]
[www.learnrazorpages.com/advanced/custom-constraints.html]
[www.learnrazorpages.com/images/19-03-2018-09-47-52.png]
[www.learnrazorpages.com/advanced/route-parameter-transformers.html]
[www.learnrazorpages.com/images/19-03-2018-09-20-45.png]
[www.learnrazorpages.com/images/2018-09-01_11-07-05.png]
[www.learnrazorpages.com/images/2018-09-01_11-01-50.png]
[www.learnrazorpages.com/advanced/dependency-injection.html]
[www.learnrazorpages.com/images/05-06-2017-08-50-51.png]
[www.learnrazorpages.com/images/05-06-2017-09-25-50.png]
[www.learnrazorpages.com/images/05-06-2017-09-20-49.png]
[www.mikesdotnetting.com/images/taghelpercontent.png]
[www.learnrazorpages.com/razor-pages/filters.html]
[www.learnrazorpages.com/images/05-06-2017-10-02-07.png]
[www.learnrazorpages.com/images/05-06-2017-10-06-04.png]
[www.learnrazorpages.com/images/05-06-2017-10-09-28.png]
[www.learnrazorpages.com/advanced/razor-class-library.html]
[www.learnrazorpages.com/images/01-04-2019-08-17-59.png]
[www.learnrazorpages.com/images/01-04-2019-08-16-26.png]
[www.learnrazorpages.com/images/17-08-2018-09-01-56.png]
[www.mikesdotnetting.com/images/11-10-2018-08-40-14.png]
[www.learnrazorpages.com/advanced/render-partial-to-string.html]
[www.mikesdotnetting.com/images/11-10-2018-08-42-43.png]
[www.learnrazorpages.com/table-of-contents.html]
[www.mikesdotnetting.com/images/2018-10-14_17-19-50.png]
[www.mikesdotnetting.com/images/2018-10-14_16-38-13.png]
[cse.google.com/cse07b6.html]
[www.mikesdotnetting.com/images/2018-10-15_07-46-45.png]
[www.mikesdotnetting.com/images/15-10-2018-08-39-52.png]
[www.mikesdotnetting.com/images/15-10-2018-08-45-18.png]
[www.mikesdotnetting.com/images/15-10-2018-09-07-16.png]
[www.learnrazorpages.com/razor-pages/tutorial/bakery/migration.html]
[www.mikesdotnetting.com/images/16-10-2018-14-04-35.png]
[www.mikesdotnetting.com/images/16-10-2018-14-09-31.png]
[www.mikesdotnetting.com/images/16-10-2018-13-51-51.png]
[www.learnrazorpages.com/razor-pages/tutorial/bakery/create-model.html]
[www.learnrazorpages.com/images/22-10-2018-07-59-23.png]
[www.learnrazorpages.com/images/31-10-2018-10-12-38.png]
[www.learnrazorpages.com/images/2018-10-28_20-52-10.png]
[www.learnrazorpages.com/images/31-10-2018-08-55-58.png]
[www.learnrazorpages.com/images/31-10-201-10-09-05.png]
[www.learnrazorpages.com/images/26-11-2018-11-10-22.png]
[www.learnrazorpages.com/images/26-11-2018-13-44-21.png]
[www.learnrazorpages.com/razor-pages/tutorial/bakery/working-with-data.html]
[www.learnrazorpages.com/images/22-11-2018-14-07-40.png]
[www.learnrazorpages.com/images/26-11-2018-13-49-26.png]
[www.learnrazorpages.com/images/27-11-2018-09-26-42.jpg]
[www.learnrazorpages.com/images/27-11-2018-09-03-27.jpg]
[www.learnrazorpages.com/images/28-11-2018-09-53-01.png]
[www.learnrazorpages.com/razor-pages/tutorial/bakery/new-page.html]
[www.learnrazorpages.com/privacy.html]
[www.learnrazorpages.com/razor-pages/files.html]
[www.learnrazorpages.com/razor-pages/tutorial/bakery/index.html]
[www.learnrazorpages.com/razor-pages/tutorial/bakery/forms.html]
[www.learnrazorpages.com/images/22-11-2018-08-22-16.png]
[www.learnrazorpages.com/images/21-11-2018-08-47-26.png]
[www.learnrazorpages.com/razor-pages/tutorial/bakery/email.html]
[www.learnrazorpages.com/images/22-11-2018-08-17-31.png]
[www.learnrazorpages.com/images/2018-12-03_21-02-13.png]
[www.learnrazorpages.com/razor-pages/index.html]
[www.learnrazorpages.com/razor-pages/tag-helpers.html]
[www.learnrazorpages.com/cdn-cgi/l/email-protection.html]
[www.learnrazorpages.com/miscellaneous/environments.html]
[www.learnrazorpages.com/miscellaneous/constraints.html]
[www.learnrazorpages.com/configuration/index.html]
[www.learnrazorpages.com/razro-pages/pagemodel.html]
[www.learnrazorpages.com/razor-pages/cookies.html]
[www.learnrazorpages.com/razor-pages/tempdata.html]
[www.learnrazorpages.com/images/2018-12-03_21-10-31.png]
[www.learnrazorpages.com/images/04-12-2018-13-56-19.png]
[www.learnrazorpages.com/images/04-12-2018-08-40-05.png]
[www.learnrazorpages.com/razor-pages/session-state.html]
[www.learnrazorpages.com/razor-pages/tutorial/bakery/index.html]
[www.learnrazorpages.com/images/18-04-2018-08-08-44.png]
[www.learnrazorpages.com/images/18-04-2018-08-30-21.png]
